// Bun Snapshot v1, https://goo.gl/fbAQLP

exports[`bun-plugin-stylex base 1`] = `BuildArtifact (entry-point) {
  path: "./index.js",
  loader: "ts",
  kind: "entry-point",
  hash: "41b0b79413c6cbe0",
  Blob (138 bytes) {
    type: "text/javascript;charset=utf-8"
  },
  sourcemap: null
}`;

exports[`bun-plugin-stylex base 2`] = `
"
@layer priority1, priority2, priority3;
@layer priority1{
:root{--xi2jizv:white;--xv2kgq:pink;--x1frcr56:green;}
@keyframes xekv6nw-B{0%{opacity:0;}100%{opacity:1;}}
}
@layer priority2{
.x1ojj28o{animation:xekv6nw-B}
}
@layer priority3{
.x1c9nyha{background-color:var(--xh8j8l4)}
.x122mib6{color:var(--x14e1nlr)}
.x1tqps7z{color:var(--xdmnxmu)}
}"
`;

exports[`bun-plugin-stylex should generate css and transpile code 1`] = `
"// test/__fixtures__/index.ts
function App() {
  return {
    className: "x1c9nyha x1ojj28o x122mib6"
  };
}
export {
  App as default
};
"
`;

exports[`bun-plugin-stylex should generate css and transpile code 2`] = `
"
@layer priority1, priority2, priority3;
@layer priority1{
:root{--xi2jizv:white;--xv2kgq:pink;--x1frcr56:green;}
@keyframes xekv6nw-B{0%{opacity:0;}100%{opacity:1;}}
}
@layer priority2{
.x1ojj28o{animation:xekv6nw-B}
}
@layer priority3{
.x1c9nyha{background-color:var(--xh8j8l4)}
.x122mib6{color:var(--x14e1nlr)}
.x1tqps7z{color:var(--xdmnxmu)}
}"
`;

exports[`bun-plugin-stylex should not generate css for dev mode 1`] = `
"// test/__fixtures__/index.ts
import _inject3 from "@stylexjs/stylex/lib/stylex-inject";

// test/__fixtures__/vars.stylex.ts
import _inject from "@stylexjs/stylex/lib/stylex-inject";
var _inject2 = _inject;
_inject2(":root{--xi2jizv:white;--xv2kgq:pink;--x1frcr56:green;}", 0);

// test/__fixtures__/index.ts
var _inject22 = _inject3;
_inject22("@keyframes xekv6nw-B{0%{opacity:0;}100%{opacity:1;}}", 1);
_inject22(".x1c9nyha{background-color:var(--xh8j8l4)}", 3000);
_inject22(".x1tqps7z{color:var(--xdmnxmu)}", 3000);
_inject22(".x1ojj28o{animation:xekv6nw-B}", 1000);
_inject22(".x122mib6{color:var(--x14e1nlr)}", 3000);
function App() {
  return {
    className: "index__styles.foo x1c9nyha x1ojj28o index__styles.bar x122mib6"
  };
}
export {
  App as default
};
"
`;
