// Bun Snapshot v1, https://goo.gl/fbAQLP

exports[`bun-plugin-stylex should generate css and transpile code 1`] = `
"// test/__fixtures__/index.ts
function App() {
  return {
    className: "xla0lc4 x1ojj28o x1nfrbzd"
  };
}
export {
  App as default
};
"
`;

exports[`bun-plugin-stylex should generate css and transpile code 2`] = `
"
@layer priority1, priority2, priority3;
@layer priority1{
:root{--xa4wnex:white;--x1w73h9s:pink;--x1j9lwvd:green;}
@keyframes xekv6nw-B{0%{opacity:0;}100%{opacity:1;}}
}
@layer priority2{
.x1ojj28o{animation:xekv6nw-B}
}
@layer priority3{
.xla0lc4{background-color:var(--xa4wnex)}
.x1nfrbzd{color:var(--x1j9lwvd)}
.x1y91jfb{color:var(--x1w73h9s)}
}"
`;

exports[`bun-plugin-stylex should not generate css for dev mode 1`] = `
"// test/__fixtures__/index.ts
import _inject3 from "@stylexjs/stylex/lib/stylex-inject";

// test/__fixtures__/vars.stylex.ts
import _inject from "@stylexjs/stylex/lib/stylex-inject";
var _inject2 = _inject;
_inject2(":root{--xa4wnex:white;--x1w73h9s:pink;--x1j9lwvd:green;}", 0);

// test/__fixtures__/index.ts
var _inject22 = _inject3;
_inject22("@keyframes xekv6nw-B{0%{opacity:0;}100%{opacity:1;}}", 1);
_inject22(".xla0lc4{background-color:var(--xa4wnex)}", 3000);
_inject22(".x1y91jfb{color:var(--x1w73h9s)}", 3000);
_inject22(".x1ojj28o{animation:xekv6nw-B}", 1000);
_inject22(".x1nfrbzd{color:var(--x1j9lwvd)}", 3000);
function App() {
  return {
    className: "index__styles.foo xla0lc4 x1ojj28o index__styles.bar x1nfrbzd"
  };
}
export {
  App as default
};
"
`;
